note: Running TeX ...
note: Running BibTeX on main.aux ...
note: Rerunning TeX because bibtex was run ...
note: Rerunning TeX because "main.aux" changed ...
note: Rerunning TeX because "main.aux" changed ...
note: Running xdvipdfmx ...
note: Writing `<build>/main.pdf` (166.6455078125 KiB)
note: Skipped writing 3 intermediate files (use --keep-intermediates to keep them)
warning: main.tex:385: Underfull \hbox (badness 1048) in paragraph at lines 382--385
warning: main.tex:632: Underfull \hbox (badness 1221) in paragraph at lines 625--632
warning: main.tex:804: Underfull \hbox (badness 10000) in paragraph at lines 799--804
warning: main.tex:804: Underfull \hbox (badness 10000) in paragraph at lines 799--804
warning: main.tex:804: Underfull \hbox (badness 10000) in paragraph at lines 799--804
warning: main.tex:804: Underfull \hbox (badness 1983) in paragraph at lines 799--804
warning: main.tex:385: Underfull \hbox (badness 1048) in paragraph at lines 382--385
warning: main.tex:632: Underfull \hbox (badness 1221) in paragraph at lines 625--632
warning: main.tex:804: Underfull \hbox (badness 10000) in paragraph at lines 799--804
warning: main.tex:804: Underfull \hbox (badness 10000) in paragraph at lines 799--804
warning: main.tex:804: Underfull \hbox (badness 10000) in paragraph at lines 799--804
warning: main.tex:385: Underfull \hbox (badness 1048) in paragraph at lines 382--385
warning: main.tex:632: Underfull \hbox (badness 1221) in paragraph at lines 625--632
warning: main.tex:804: Underfull \hbox (badness 10000) in paragraph at lines 799--804
warning: main.tex:804: Underfull \hbox (badness 10000) in paragraph at lines 799--804
warning: main.tex:804: Underfull \hbox (badness 10000) in paragraph at lines 799--804
warning: main.tex:385: Underfull \hbox (badness 1048) in paragraph at lines 382--385
warning: main.tex:632: Underfull \hbox (badness 1221) in paragraph at lines 625--632
warning: main.tex:804: Underfull \hbox (badness 10000) in paragraph at lines 799--804
warning: main.tex:804: Underfull \hbox (badness 10000) in paragraph at lines 799--804
warning: main.tex:804: Underfull \hbox (badness 10000) in paragraph at lines 799--804
warning: warnings were issued by the TeX engine; use --print and/or --keep-logs for details.


===== deterministic rebuild =====

note: Running TeX ...
note: Running BibTeX on main.aux ...
note: Rerunning TeX because bibtex was run ...
note: Rerunning TeX because "main.aux" changed ...
note: Rerunning TeX because "main.aux" changed ...
note: Running xdvipdfmx ...
note: Writing `<build>/main.pdf` (166.6455078125 KiB)
note: Skipped writing 3 intermediate files (use --keep-intermediates to keep them)
warning: main.tex:385: Underfull \hbox (badness 1048) in paragraph at lines 382--385
warning: main.tex:632: Underfull \hbox (badness 1221) in paragraph at lines 625--632
warning: main.tex:804: Underfull \hbox (badness 10000) in paragraph at lines 799--804
warning: main.tex:804: Underfull \hbox (badness 10000) in paragraph at lines 799--804
warning: main.tex:804: Underfull \hbox (badness 10000) in paragraph at lines 799--804
warning: main.tex:804: Underfull \hbox (badness 1983) in paragraph at lines 799--804
warning: main.tex:385: Underfull \hbox (badness 1048) in paragraph at lines 382--385
warning: main.tex:632: Underfull \hbox (badness 1221) in paragraph at lines 625--632
warning: main.tex:804: Underfull \hbox (badness 10000) in paragraph at lines 799--804
warning: main.tex:804: Underfull \hbox (badness 10000) in paragraph at lines 799--804
warning: main.tex:804: Underfull \hbox (badness 10000) in paragraph at lines 799--804
warning: main.tex:385: Underfull \hbox (badness 1048) in paragraph at lines 382--385
warning: main.tex:632: Underfull \hbox (badness 1221) in paragraph at lines 625--632
warning: main.tex:804: Underfull \hbox (badness 10000) in paragraph at lines 799--804
warning: main.tex:804: Underfull \hbox (badness 10000) in paragraph at lines 799--804
warning: main.tex:804: Underfull \hbox (badness 10000) in paragraph at lines 799--804
warning: main.tex:385: Underfull \hbox (badness 1048) in paragraph at lines 382--385
warning: main.tex:632: Underfull \hbox (badness 1221) in paragraph at lines 625--632
warning: main.tex:804: Underfull \hbox (badness 10000) in paragraph at lines 799--804
warning: main.tex:804: Underfull \hbox (badness 10000) in paragraph at lines 799--804
warning: main.tex:804: Underfull \hbox (badness 10000) in paragraph at lines 799--804
warning: warnings were issued by the TeX engine; use --print and/or --keep-logs for details.
